[0.9999999999999999, 2.0, -0.9999999999999999, -2.0]